
> agy@0.1.0 build
> next build

Γ¿» Unable to acquire lock at C:\Dev\products\idea-wall\.next\lock, is another instance of next build running?
  Suggestion: If you intended to restart next build, terminate the other process, and then try again.
