// Vitest Snapshot v1, https://vitest.dev/guide/snapshot.html

exports[`wall note view model visual baseline > matches stable presentation snapshots per note kind 1`] = `
{
  "audio": {
    "badge": "AUDIO",
    "imageCaption": "",
    "imageMeta": "File",
    "journalBody": "Start writing",
    "journalTitle": "Dear Wall,",
    "kind": "audio",
    "meta": "Audio",
    "metaDisplay": "Audio",
    "standardBody": "Double-click or press Enter to edit",
    "standardTitle": "Quick Thought",
    "title": "Ambient Texture",
  },
  "bookmark": {
    "badge": "WEB BOOKMARK",
    "imageCaption": "",
    "imageMeta": "File",
    "journalBody": "Start writing",
    "journalTitle": "Dear Wall,",
    "kind": "web-bookmark",
    "meta": "Example",
    "metaDisplay": "Example",
    "standardBody": "Double-click or press Enter to edit",
    "standardTitle": "Quick Thought",
    "title": "Example Article",
  },
  "file": {
    "badge": "FILE",
    "imageCaption": "Quarterly review
attached below",
    "imageMeta": "PDF Document • 1.95 MB",
    "journalBody": "attached below",
    "journalTitle": "Quarterly review",
    "kind": "file",
    "meta": "PDF Document • 1.95 MB",
    "metaDisplay": "PDF Document • 1.95 MB",
    "standardBody": "attached below",
    "standardTitle": "Quarterly review",
    "title": "Quarterly review",
  },
  "image": {
    "badge": "IMAGE",
    "imageCaption": "Morning light over the studio",
    "imageMeta": "Image • 500 KB",
    "journalBody": "Morning light over the studio",
    "journalTitle": "Morning light over the studio",
    "kind": "image",
    "meta": "Image • 500 KB",
    "metaDisplay": "Image • 500 KB",
    "standardBody": "",
    "standardTitle": "Morning light over the studio",
    "title": "studio",
  },
  "journal": {
    "badge": "JOURNAL",
    "imageCaption": "Dear Wall,
This is the second line of the journal entry.",
    "imageMeta": "File",
    "journalBody": "This is the second line of the journal entry.",
    "journalTitle": "Dear Wall,",
    "kind": "journal",
    "meta": "This is the second line of the journal entry.",
    "metaDisplay": "This is the second line of the journal entry.",
    "standardBody": "This is the second line of the journal entry.",
    "standardTitle": "Dear Wall,",
    "title": "Dear Wall,",
  },
  "private": {
    "badge": "NOTE",
    "imageCaption": "secret payload",
    "imageMeta": "File",
    "journalBody": "secret payload",
    "journalTitle": "secret payload",
    "kind": "private",
    "meta": "Secured node",
    "metaDisplay": "Secured node",
    "privacyMaskLabel": "Secured node",
    "privacyMetaLabel": "Secured node",
    "standardBody": "",
    "standardTitle": "secret payload",
    "title": "Private note",
  },
  "standard": {
    "badge": "NOTE",
    "imageCaption": "[[Project Atlas]]
Ship the first slice",
    "imageMeta": "File",
    "journalBody": "Ship the first slice",
    "journalTitle": "Project Atlas",
    "kind": "standard",
    "meta": "Ship the first slice",
    "metaDisplay": "Ship the first slice",
    "standardBody": "Ship the first slice",
    "standardTitle": "Project Atlas",
    "title": "Project Atlas",
  },
  "video": {
    "badge": "VIDEO",
    "imageCaption": "",
    "imageMeta": "File",
    "journalBody": "Start writing",
    "journalTitle": "Dear Wall,",
    "kind": "video",
    "meta": "Video • Link",
    "metaDisplay": "Video • Link",
    "standardBody": "Double-click or press Enter to edit",
    "standardTitle": "Quick Thought",
    "title": "Launch recap.mp4",
  },
}
`;
